EVA2_1_INTEGRIDAD_REFERENCIAL

MySQL Shell 8.0.37

Copyright (c) 2016, 2024, Oracle and/or its affiliates.
Oracle is a registered trademark of Oracle Corporation and/or its affiliates.
Other names may be trademarks of their respective owners.

Type '\help' or '\?' for help; '\quit' to exit.
 MySQL  JS > \sql
Switching to SQL mode... Commands end with ;
 MySQL  SQL > \connect --mc root
Creating a Classic session to 'gambo@root'
Please provide the password for 'gambo@root':
Cancelled
 MySQL  SQL > \connect --mc root@localhost
Creating a Classic session to 'root@localhost'
Fetching global names for auto-completion... Press ^C to stop.
Your MySQL connection id is 8
Server version: 8.0.37 MySQL Community Server - GPL
No default schema selected; type \use <schema> to set one.
 MySQL  localhost:3306 ssl  SQL > create database tbd_eva2;
Query OK, 1 row affected (0.0143 sec)
 MySQL  localhost:3306 ssl  SQL > use tbd_eva2;
Default schema set to `tbd_eva2`.
Fetching global names, object names from `tbd_eva2` for auto-completion... Press ^C to stop.
 MySQL  localhost:3306 ssl  tbd_eva2  SQL > create table cliente(
                                         -> id int auto_increment key,
                                         -> nombre varchar(70) not null,
                                         -> apellido varchar(70),
                                         -> rfc varchar(13) not null);
Query OK, 0 rows affected (0.0318 sec)
 MySQL  localhost:3306 ssl  tbd_eva2  SQL > insert into cliente(nombre, apellido, rfc) values
                                         -> ('rosalia', 'vita', 'rosimoto'),
                                         -> ('charli', 'xcx', 'brat365'),
                                         -> ('lana', 'del rey', btduv'),
                                         -> ('madonna', 'madonna', 'lkeavirgin');
                                         '> ;
                                         '> ^C
 MySQL  localhost:3306 ssl  tbd_eva2  SQL >  insert into cliente(nombre, apellido, rfc) values
                                         ->                                          -> ('rosalia', 'vita', 'rosimoto'),
                                         ->                                          -> ('charli', 'xcx', 'brat365'),
                                         ->                                          -> ('lana', 'del rey', btduv'),
                                         ->                                          -> ('madonna', 'madonna', 'lkeavirgin');
                                         '>
                                         '>
                                         '>
                                         '> ^C
 MySQL  localhost:3306 ssl  tbd_eva2  SQL > insert into cliente(nombre, apellido, rfc) values (
                                         -> 'rosalia', 'vita', 'rosimoto'),
                                         -> ('charli', 'xcx','brat365');
Query OK, 2 rows affected (0.0085 sec)

Records: 2  Duplicates: 0  Warnings: 0
 MySQL  localhost:3306 ssl  tbd_eva2  SQL > create table factura(
                                         -> folio int key auto_increment,
                                         -> idCliente int not null
                                         -> foreign key (idCliente) references cliente(id));
ERROR: 1064 (42000): You have an error in your SQL syntax; check the manual that corresponds to your MySQL server version for the right syntax to use near 'foreign key (idCliente) references cliente(id))' at line 4
 MySQL  localhost:3306 ssl  tbd_eva2  SQL > create table factura( folio int key auto_increment, idCliente int not null,  foreign key (idCliente) references cliente(id));
Query OK, 0 rows affected (0.0332 sec)
 MySQL  localhost:3306 ssl  tbd_eva2  SQL > show create table factura;
+---------+--------------------------------------------------------------------------------------------------------------------------------------------------------------------------------------------------------------------------------------------------------------------------------------------------------------+
| Table   | Create Table

 |
+---------+--------------------------------------------------------------------------------------------------------------------------------------------------------------------------------------------------------------------------------------------------------------------------------------------------------------+
| factura | CREATE TABLE `factura` (
  `folio` int NOT NULL AUTO_INCREMENT,
  `idCliente` int NOT NULL,
  PRIMARY KEY (`folio`),
  KEY `idCliente` (`idCliente`),
  CONSTRAINT `factura_ibfk_1` FOREIGN KEY (`idCliente`) REFERENCES `cliente` (`id`)
) ENGINE=InnoDB DEFAULT CHARSET=utf8mb4 COLLATE=utf8mb4_0900_ai_ci |
+---------+--------------------------------------------------------------------------------------------------------------------------------------------------------------------------------------------------------------------------------------------------------------------------------------------------------------+
1 row in set (0.0095 sec)
 MySQL  localhost:3306 ssl  tbd_eva2  SQL > show tables;
+--------------------+
| Tables_in_tbd_eva2 |
+--------------------+
| cliente            |
| factura            |
+--------------------+
2 rows in set (0.0132 sec)
 MySQL  localhost:3306 ssl  tbd_eva2  SQL > insert into factura(idCliente) value(
                                         -> 5);
ERROR: 1452 (23000): Cannot add or update a child row: a foreign key constraint fails (`tbd_eva2`.`factura`, CONSTRAINT `factura_ibfk_1` FOREIGN KEY (`idCliente`) REFERENCES `cliente` (`id`))
 MySQL  localhost:3306 ssl  tbd_eva2  SQL > insert into factura(idCliente) value(1);
Query OK, 1 row affected (0.0102 sec)
 MySQL  localhost:3306 ssl  tbd_eva2  SQL > insert into factura(idCliente) value(2);
Query OK, 1 row affected (0.0099 sec)
 MySQL  localhost:3306 ssl  tbd_eva2  SQL > insert into factura(idCliente) value(2);
Query OK, 1 row affected (0.0103 sec)
 MySQL  localhost:3306 ssl  tbd_eva2  SQL > insert into factura(idCliente) value(2);
Query OK, 1 row affected (0.0099 sec)
 MySQL  localhost:3306 ssl  tbd_eva2  SQL > insert into factura(idCliente) value(1);
Query OK, 1 row affected (0.0019 sec)
 MySQL  localhost:3306 ssl  tbd_eva2  SQL > select * from factura;
+-------+-----------+
| folio | idCliente |
+-------+-----------+
|     2 |         1 |
|     6 |         1 |
|     3 |         2 |
|     4 |         2 |
|     5 |         2 |
+-------+-----------+
5 rows in set (0.0089 sec)
 MySQL  localhost:3306 ssl  tbd_eva2  SQL > delete from cliente where id = 1;\
ERROR: 1451 (23000): Cannot delete or update a parent row: a foreign key constraint fails (`tbd_eva2`.`factura`, CONSTRAINT `factura_ibfk_1` FOREIGN KEY (`idCliente`) REFERENCES `cliente` (`id`))
 MySQL  localhost:3306 ssl  tbd_eva2  SQL > delete from factura where idCliente = 1;
Query OK, 2 rows affected (0.0106 sec)
 MySQL  localhost:3306 ssl  tbd_eva2  SQL > select * from factura;
+-------+-----------+
| folio | idCliente |
+-------+-----------+
|     3 |         2 |
|     4 |         2 |
|     5 |         2 |
+-------+-----------+
3 rows in set (0.0004 sec)
 MySQL  localhost:3306 ssl  tbd_eva2  SQL > delete from cliente where id = 1;
Query OK, 1 row affected (0.0023 sec)
 MySQL  localhost:3306 ssl  tbd_eva2  SQL > show create table factura;
+---------+-------------------------------------------------------------------------------------------------------------------------------------------------------------------------------------------------------------------------------------------------------------------------------------------------------------------------------+
| Table   | Create Table

                  |
+---------+-------------------------------------------------------------------------------------------------------------------------------------------------------------------------------------------------------------------------------------------------------------------------------------------------------------------------------+
| factura | CREATE TABLE `factura` (
  `folio` int NOT NULL AUTO_INCREMENT,
  `idCliente` int NOT NULL,
  PRIMARY KEY (`folio`),
  KEY `idCliente` (`idCliente`),
  CONSTRAINT `factura_ibfk_1` FOREIGN KEY (`idCliente`) REFERENCES `cliente` (`id`)
) ENGINE=InnoDB AUTO_INCREMENT=7 DEFAULT CHARSET=utf8mb4 COLLATE=utf8mb4_0900_ai_ci |
+---------+-------------------------------------------------------------------------------------------------------------------------------------------------------------------------------------------------------------------------------------------------------------------------------------------------------------------------------+
1 row in set (0.0006 sec)
 MySQL  localhost:3306 ssl  tbd_eva2  SQL > alter table factura
                                         -> drop constraint 'factura_ibfk_1
                                         -> ';
ERROR: 1064 (42000): You have an error in your SQL syntax; check the manual that corresponds to your MySQL server version for the right syntax to use near ''factura_ibfk_1
'' at line 2
 MySQL  localhost:3306 ssl  tbd_eva2  SQL > alter table factura drop constraint factura_ibfk_1;
Query OK, 0 rows affected (0.0172 sec)

Records: 0  Duplicates: 0  Warnings: 0
 MySQL  localhost:3306 ssl  tbd_eva2  SQL > show create table factura;
+---------+------------------------------------------------------------------------------------------------------------------------------------------------------------------------------------------------------------------------------------------+
| Table   | Create Table
                                                                                         |
+---------+------------------------------------------------------------------------------------------------------------------------------------------------------------------------------------------------------------------------------------------+
| factura | CREATE TABLE `factura` (
  `folio` int NOT NULL AUTO_INCREMENT,
  `idCliente` int NOT NULL,
  PRIMARY KEY (`folio`),
  KEY `idCliente` (`idCliente`)
) ENGINE=InnoDB AUTO_INCREMENT=7 DEFAULT CHARSET=utf8mb4 COLLATE=utf8mb4_0900_ai_ci |
+---------+------------------------------------------------------------------------------------------------------------------------------------------------------------------------------------------------------------------------------------------+
1 row in set (0.0005 sec)
 MySQL  localhost:3306 ssl  tbd_eva2  SQL > insert into factura(idCliente) value(5);
Query OK, 1 row affected (0.0096 sec)
 MySQL  localhost:3306 ssl  tbd_eva2  SQL > select * from factura;
+-------+-----------+
| folio | idCliente |
+-------+-----------+
|     3 |         2 |
|     4 |         2 |
|     5 |         2 |
|     7 |         5 |
+-------+-----------+
4 rows in set (0.0004 sec)
 MySQL  localhost:3306 ssl  tbd_eva2  SQL >