EVA2_3_INTEGRIDAD_REFERENCIAL

MySQL Shell 8.0.37

Copyright (c) 2016, 2024, Oracle and/or its affiliates.
Oracle is a registered trademark of Oracle Corporation and/or its affiliates.
Other names may be trademarks of their respective owners.

Type '\help' or '\?' for help; '\quit' to exit.
 MySQL  JS > \sql
Switching to SQL mode... Commands end with ;
 MySQL  SQL > \connect --mc root@localhost
Creating a Classic session to 'root@localhost'
Fetching global names for auto-completion... Press ^C to stop.
Your MySQL connection id is 10
Server version: 8.0.37 MySQL Community Server - GPL
No default schema selected; type \use <schema> to set one.
 MySQL  localhost:3306 ssl  SQL > use tbd_eva2;
Default schema set to `tbd_eva2`.
Fetching global names, object names from `tbd_eva2` for auto-completion... Press ^C to stop.
 MySQL  localhost:3306 ssl  tbd_eva2  SQL > show create table factura;
+---------+--------------------------------------------------------------------------------------------------------------------------------------------------------------------------------------------------------------------------------------------------------------------------------------------------------------------------------------------------------------------+
| Table   | Create Table                                                                                                                                                                                                                                                                                                                                                       |
+---------+--------------------------------------------------------------------------------------------------------------------------------------------------------------------------------------------------------------------------------------------------------------------------------------------------------------------------------------------------------------------+
| factura | CREATE TABLE `factura` (
  `folio` int NOT NULL AUTO_INCREMENT,
  `idCliente` int NOT NULL,
  PRIMARY KEY (`folio`),
  KEY `idCliente` (`idCliente`),
  CONSTRAINT `factura_ibfk_1` FOREIGN KEY (`idCliente`) REFERENCES `cliente` (`id`) ON DELETE CASCADE ON UPDATE CASCADE
) ENGINE=InnoDB AUTO_INCREMENT=11 DEFAULT CHARSET=utf8mb4 COLLATE=utf8mb4_0900_ai_ci |
+---------+--------------------------------------------------------------------------------------------------------------------------------------------------------------------------------------------------------------------------------------------------------------------------------------------------------------------------------------------------------------------+
1 row in set (0.0008 sec)
 MySQL  localhost:3306 ssl  tbd_eva2  SQL > create table factura_detalle(
                                         -> id int auto_increment key,
                                         -> idFactura int not null,
                                         -> idProducto int not null,
                                         -> cantidad int not null,
                                         -> constraint foreign key (idFactura) references factura(folio));
Query OK, 0 rows affected (0.0413 sec)
 MySQL  localhost:3306 ssl  tbd_eva2  SQL > desc factura_detalle
                                         -> ;
+------------+------+------+-----+---------+----------------+
| Field      | Type | Null | Key | Default | Extra          |
+------------+------+------+-----+---------+----------------+
| id         | int  | NO   | PRI | NULL    | auto_increment |
| idFactura  | int  | NO   | MUL | NULL    |                |
| idProducto | int  | NO   |     | NULL    |                |
| cantidad   | int  | NO   |     | NULL    |                |
+------------+------+------+-----+---------+----------------+
4 rows in set (0.0102 sec)
 MySQL  localhost:3306 ssl  tbd_eva2  SQL > show create table factura_detalle;
+-----------------+-----------------------------------------------------------------------------------------------------------------------------------------------------------------------------------------------------------------------------------------------------------------------------------------------------------------------------------------------------------------------------------+
| Table           | Create Table

                                                                              |
+-----------------+-----------------------------------------------------------------------------------------------------------------------------------------------------------------------------------------------------------------------------------------------------------------------------------------------------------------------------------------------------------------------------------+
| factura_detalle | CREATE TABLE `factura_detalle` (
  `id` int NOT NULL AUTO_INCREMENT,
  `idFactura` int NOT NULL,
  `idProducto` int NOT NULL,
  `cantidad` int NOT NULL,
  PRIMARY KEY (`id`),
  KEY `idFactura` (`idFactura`),
  CONSTRAINT `factura_detalle_ibfk_1` FOREIGN KEY (`idFactura`) REFERENCES `factura` (`folio`)
) ENGINE=InnoDB DEFAULT CHARSET=utf8mb4 COLLATE=utf8mb4_0900_ai_ci |
+-----------------+-----------------------------------------------------------------------------------------------------------------------------------------------------------------------------------------------------------------------------------------------------------------------------------------------------------------------------------------------------------------------------------+
1 row in set (0.0013 sec)
 MySQL  localhost:3306 ssl  tbd_eva2  SQL > drop table factura_detalle;
Query OK, 0 rows affected (0.0165 sec)
 MySQL  localhost:3306 ssl  tbd_eva2  SQL > create table factura_detalle( id int auto_increment key, idFactura int not null, idProducto int not null, cantidad int not null, constraint foreign key (idFactura) references factura(folio) on delete cascade on uptade cascade;
ERROR: 1064 (42000): You have an error in your SQL syntax; check the manual that corresponds to your MySQL server version for the right syntax to use near 'uptade cascade' at line 1
 MySQL  localhost:3306 ssl  tbd_eva2  SQL > create table factura_detalle( id int auto_increment key, idFactura int not null, idProducto int not null, cantidad int not null, constraint foreign key (idFactura) references factura(folio) on delete cascade on uptade cascade);
ERROR: 1064 (42000): You have an error in your SQL syntax; check the manual that corresponds to your MySQL server version for the right syntax to use near 'uptade cascade)' at line 1
 MySQL  localhost:3306 ssl  tbd_eva2  SQL > create table factura_detalle( id int auto_increment key, idFactura int not null, idProducto int not null, cantidad int not null, constraint foreign key (idFactura) references factura(folio) on delete cascade on update cascade);
Query OK, 0 rows affected (0.0367 sec)
 MySQL  localhost:3306 ssl  tbd_eva2  SQL > show create table factura_detalle;
+-----------------+-----------------------------------------------------------------------------------------------------------------------------------------------------------------------------------------------------------------------------------------------------------------------------------------------------------------------------------------------------------------------------------------------------------------------+
| Table           | Create Table

                                                                                                                  |
+-----------------+-----------------------------------------------------------------------------------------------------------------------------------------------------------------------------------------------------------------------------------------------------------------------------------------------------------------------------------------------------------------------------------------------------------------------+
| factura_detalle | CREATE TABLE `factura_detalle` (
  `id` int NOT NULL AUTO_INCREMENT,
  `idFactura` int NOT NULL,
  `idProducto` int NOT NULL,
  `cantidad` int NOT NULL,
  PRIMARY KEY (`id`),
  KEY `idFactura` (`idFactura`),
  CONSTRAINT `factura_detalle_ibfk_1` FOREIGN KEY (`idFactura`) REFERENCES `factura` (`folio`) ON DELETE CASCADE ON UPDATE CASCADE
) ENGINE=InnoDB DEFAULT CHARSET=utf8mb4 COLLATE=utf8mb4_0900_ai_ci |
+-----------------+-----------------------------------------------------------------------------------------------------------------------------------------------------------------------------------------------------------------------------------------------------------------------------------------------------------------------------------------------------------------------------------------------------------------------+
1 row in set (0.0013 sec)
 MySQL  localhost:3306 ssl  tbd_eva2  SQL > select * from factura;
+-------+-----------+
| folio | idCliente |
+-------+-----------+
|     8 |         6 |
|     9 |         7 |
|    10 |         8 |
+-------+-----------+
3 rows in set (0.0013 sec)
 MySQL  localhost:3306 ssl  tbd_eva2  SQL > desc factura_detalle;
+------------+------+------+-----+---------+----------------+
| Field      | Type | Null | Key | Default | Extra          |
+------------+------+------+-----+---------+----------------+
| id         | int  | NO   | PRI | NULL    | auto_increment |
| idFactura  | int  | NO   | MUL | NULL    |                |
| idProducto | int  | NO   |     | NULL    |                |
| cantidad   | int  | NO   |     | NULL    |                |
+------------+------+------+-----+---------+----------------+
4 rows in set (0.0013 sec)
 MySQL  localhost:3306 ssl  tbd_eva2  SQL > insert into factura_detalle(idFactura, idProducto, cantidad) values
                                         -> (8, 1, 3), (9, 2, 10), (10, 3, 7);
Query OK, 3 rows affected (0.0108 sec)

Records: 3  Duplicates: 0  Warnings: 0
 MySQL  localhost:3306 ssl  tbd_eva2  SQL > select * from factura_detalle;
+----+-----------+------------+----------+
| id | idFactura | idProducto | cantidad |
+----+-----------+------------+----------+
|  1 |         8 |          1 |        3 |
|  2 |         9 |          2 |       10 |
|  3 |        10 |          3 |        7 |
+----+-----------+------------+----------+
3 rows in set (0.0004 sec)
 MySQL  localhost:3306 ssl  tbd_eva2  SQL > select * from factura where folio = 9;
+-------+-----------+
| folio | idCliente |
+-------+-----------+
|     9 |         7 |
+-------+-----------+
1 row in set (0.0004 sec)
 MySQL  localhost:3306 ssl  tbd_eva2  SQL > select * from cliente where id = 7;
+----+--------+----------+---------+
| id | nombre | apellido | rfc     |
+----+--------+----------+---------+
|  7 | charli | xcx      | brat365 |
+----+--------+----------+---------+
1 row in set (0.0015 sec)
 MySQL  localhost:3306 ssl  tbd_eva2  SQL > update cliente
                                         -> set = 20
                                         -> where id = 6;
ERROR: 1064 (42000): You have an error in your SQL syntax; check the manual that corresponds to your MySQL server version for the right syntax to use near '= 20
where id = 6' at line 2
 MySQL  localhost:3306 ssl  tbd_eva2  SQL > update cliente set id = 20 where id = 6;
Query OK, 1 row affected (0.0105 sec)

Rows matched: 1  Changed: 1  Warnings: 0
 MySQL  localhost:3306 ssl  tbd_eva2  SQL > select * from factura;
+-------+-----------+
| folio | idCliente |
+-------+-----------+
|     9 |         7 |
|    10 |         8 |
|     8 |        20 |
+-------+-----------+
3 rows in set (0.0004 sec)
 MySQL  localhost:3306 ssl  tbd_eva2  SQL > select * from factura_detalle where idFactura = 8;
+----+-----------+------------+----------+
| id | idFactura | idProducto | cantidad |
+----+-----------+------------+----------+
|  1 |         8 |          1 |        3 |
+----+-----------+------------+----------+
1 row in set (0.0005 sec)
 MySQL  localhost:3306 ssl  tbd_eva2  SQL > delete from cliente where id = 20;
Query OK, 1 row affected (0.0102 sec)
 MySQL  localhost:3306 ssl  tbd_eva2  SQL > select * from factura_detalle;
+----+-----------+------------+----------+
| id | idFactura | idProducto | cantidad |
+----+-----------+------------+----------+
|  2 |         9 |          2 |       10 |
|  3 |        10 |          3 |        7 |
+----+-----------+------------+----------+
2 rows in set (0.0004 sec)
 MySQL  localhost:3306 ssl  tbd_eva2  SQL > select * from factura;
+-------+-----------+
| folio | idCliente |
+-------+-----------+
|     9 |         7 |
|    10 |         8 |
+-------+-----------+
2 rows in set (0.0004 sec)
 MySQL  localhost:3306 ssl  tbd_eva2  SQL > create table producto (
                                         -> id int key auto_increment,
                                         -> nombre varchar(50) not null,
                                         -> precio decimal(10,2) not null);
Query OK, 0 rows affected (0.0220 sec)
 MySQL  localhost:3306 ssl  tbd_eva2  SQL > insert into producto(nombre, precio) values
                                         -> ('elote', 20), ('nachos', 50), ('iphone', 25);
Query OK, 3 rows affected (0.0042 sec)

Records: 3  Duplicates: 0  Warnings: 0
 MySQL  localhost:3306 ssl  tbd_eva2  SQL > desc factura_detalle add constraint foreign (idProducto) references producto(id);
ERROR: 1064 (42000): You have an error in your SQL syntax; check the manual that corresponds to your MySQL server version for the right syntax to use near 'add constraint foreign (idProducto) references producto(id)' at line 1
 MySQL  localhost:3306 ssl  tbd_eva2  SQL > desc factura_detalle add constraint foreign key (idProducto) references producto(id) on delete cascade on update cascade;
ERROR: 1064 (42000): You have an error in your SQL syntax; check the manual that corresponds to your MySQL server version for the right syntax to use near 'add constraint foreign key (idProducto) references producto(id) on delete cascad' at line 1
 MySQL  localhost:3306 ssl  tbd_eva2  SQL > alter table factura_detalle add constraint foreign key (idProducto) references producto(id) on delete cascade on update cascade;
Query OK, 2 rows affected (0.0605 sec)

Records: 2  Duplicates: 0  Warnings: 0
 MySQL  localhost:3306 ssl  tbd_eva2  SQL > select * from producto;
+----+--------+--------+
| id | nombre | precio |
+----+--------+--------+
|  1 | elote  |  20.00 |
|  2 | nachos |  50.00 |
|  3 | iphone |  25.00 |
+----+--------+--------+
3 rows in set (0.0012 sec)
 MySQL  localhost:3306 ssl  tbd_eva2  SQL > select * from factura;
+-------+-----------+
| folio | idCliente |
+-------+-----------+
|     9 |         7 |
|    10 |         8 |
+-------+-----------+
2 rows in set (0.0004 sec)
 MySQL  localhost:3306 ssl  tbd_eva2  SQL > desc factura_detalle;
+------------+------+------+-----+---------+----------------+
| Field      | Type | Null | Key | Default | Extra          |
+------------+------+------+-----+---------+----------------+
| id         | int  | NO   | PRI | NULL    | auto_increment |
| idFactura  | int  | NO   | MUL | NULL    |                |
| idProducto | int  | NO   | MUL | NULL    |                |
| cantidad   | int  | NO   |     | NULL    |                |
+------------+------+------+-----+---------+----------------+
4 rows in set (0.0013 sec)
 MySQL  localhost:3306 ssl  tbd_eva2  SQL > insert into factura_detalle(idFactura, idProducto, cantidad) values
                                         -> (9,1,5), (10,2,60), (9,3,100);
Query OK, 3 rows affected (0.0103 sec)

Records: 3  Duplicates: 0  Warnings: 0
 MySQL  localhost:3306 ssl  tbd_eva2  SQL > select * from factura_detalle;
+----+-----------+------------+----------+
| id | idFactura | idProducto | cantidad |
+----+-----------+------------+----------+
|  2 |         9 |          2 |       10 |
|  3 |        10 |          3 |        7 |
|  4 |         9 |          1 |        5 |
|  5 |        10 |          2 |       60 |
|  6 |         9 |          3 |      100 |
+----+-----------+------------+----------+
5 rows in set (0.0005 sec)
 MySQL  localhost:3306 ssl  tbd_eva2  SQL > delete from factura_detalle;
Query OK, 5 rows affected (0.0100 sec)
 MySQL  localhost:3306 ssl  tbd_eva2  SQL > insert into factura_detalle(idFactura, idProducto, cantidad) values (8, 1, 3), (9, 2, 10), (10, 3, 7);
ERROR: 1452 (23000): Cannot add or update a child row: a foreign key constraint fails (`tbd_eva2`.`factura_detalle`, CONSTRAINT `factura_detalle_ibfk_1` FOREIGN KEY (`idFactura`) REFERENCES `factura` (`folio`) ON DELETE CASCADE ON UPDATE CASCADE)
 MySQL  localhost:3306 ssl  tbd_eva2  SQL > insert into factura_detalle(idFactura, idProducto, cantidad) values (9,1,5), (10,2,60), (9,3,100);
Query OK, 3 rows affected (0.0028 sec)

Records: 3  Duplicates: 0  Warnings: 0
 MySQL  localhost:3306 ssl  tbd_eva2  SQL > insert into factura_detalle(idFactura, idProducto, cantidad) values (10, 1, 3), (9, 2, 10), (10, 3, 7);
Query OK, 3 rows affected (0.0101 sec)

Records: 3  Duplicates: 0  Warnings: 0
 MySQL  localhost:3306 ssl  tbd_eva2  SQL > delete from producto where id = 3;
Query OK, 1 row affected (0.0026 sec)
 MySQL  localhost:3306 ssl  tbd_eva2  SQL > select * from factura_detalle;
+----+-----------+------------+----------+
| id | idFactura | idProducto | cantidad |
+----+-----------+------------+----------+
| 10 |         9 |          1 |        5 |
| 11 |        10 |          2 |       60 |
| 13 |        10 |          1 |        3 |
| 14 |         9 |          2 |       10 |
+----+-----------+------------+----------+
4 rows in set (0.0004 sec)
 MySQL  localhost:3306 ssl  tbd_eva2  SQL >